Archive member included to satisfy reference by file (symbol)

.\CortexM3\ARM_GCC_541\Debug\test1.a(CyFlash.o)
                              .\CortexM3\ARM_GCC_541\Debug\cyfitter_cfg.o (CyEEPROM_Start)
.\CortexM3\ARM_GCC_541\Debug\test1.a(CyLib.o)
                              .\CortexM3\ARM_GCC_541\Debug\Cm3Start.o (CyHalt)
.\CortexM3\ARM_GCC_541\Debug\test1.a(cyPm.o)
                              .\CortexM3\ARM_GCC_541\Debug\test1.a(CyLib.o) (CyPmReadStatus)
.\CortexM3\ARM_GCC_541\Debug\test1.a(CySpc.o)
                              .\CortexM3\ARM_GCC_541\Debug\test1.a(CyFlash.o) (CySpcStart)
.\CortexM3\ARM_GCC_541\Debug\test1.a(Switch_15_Control.o)
                              .\CortexM3\ARM_GCC_541\Debug\sd.o (Switch_15_Control_Write)
.\CortexM3\ARM_GCC_541\Debug\test1.a(Switch_16_Control.o)
                              .\CortexM3\ARM_GCC_541\Debug\sd.o (Switch_16_Control_Write)
.\CortexM3\ARM_GCC_541\Debug\test1.a(Switch_17_Control.o)
                              .\CortexM3\ARM_GCC_541\Debug\sd.o (Switch_17_Control_Write)
.\CortexM3\ARM_GCC_541\Debug\test1.a(Switch_18_Control.o)
                              .\CortexM3\ARM_GCC_541\Debug\sd.o (Switch_18_Control_Write)
.\CortexM3\ARM_GCC_541\Debug\test1.a(UART.o)
                              .\CortexM3\ARM_GCC_541\Debug\main.o (UART_Start)
.\CortexM3\ARM_GCC_541\Debug\test1.a(UART_IntClock.o)
                              .\CortexM3\ARM_GCC_541\Debug\test1.a(UART.o) (UART_IntClock_Start)
.\CortexM3\ARM_GCC_541\Debug\test1.a(ZeroGasOut.o)
                              .\CortexM3\ARM_GCC_541\Debug\protocol.o (ZeroGasOut_Write)
.\CortexM3\ARM_GCC_541\Debug\test1.a(EEPROM.o)
                              .\CortexM3\ARM_GCC_541\Debug\protocol.o (EEPROM_WriteByte)
.\CortexM3\ARM_GCC_541\Debug\test1.a(Switch_1_Control.o)
                              .\CortexM3\ARM_GCC_541\Debug\sd.o (Switch_1_Control_Write)
.\CortexM3\ARM_GCC_541\Debug\test1.a(Switch_2_Control.o)
                              .\CortexM3\ARM_GCC_541\Debug\sd.o (Switch_2_Control_Write)
.\CortexM3\ARM_GCC_541\Debug\test1.a(Switch_3_Control.o)
                              .\CortexM3\ARM_GCC_541\Debug\sd.o (Switch_3_Control_Write)
.\CortexM3\ARM_GCC_541\Debug\test1.a(Switch_4_Control.o)
                              .\CortexM3\ARM_GCC_541\Debug\sd.o (Switch_4_Control_Write)
.\CortexM3\ARM_GCC_541\Debug\test1.a(Switch_5_Control.o)
                              .\CortexM3\ARM_GCC_541\Debug\sd.o (Switch_5_Control_Write)
.\CortexM3\ARM_GCC_541\Debug\test1.a(Switch_6_Control.o)
                              .\CortexM3\ARM_GCC_541\Debug\sd.o (Switch_6_Control_Write)
.\CortexM3\ARM_GCC_541\Debug\test1.a(Switch_7_Control.o)
                              .\CortexM3\ARM_GCC_541\Debug\sd.o (Switch_7_Control_Write)
.\CortexM3\ARM_GCC_541\Debug\test1.a(Switch_8_Control.o)
                              .\CortexM3\ARM_GCC_541\Debug\sd.o (Switch_8_Control_Write)
.\CortexM3\ARM_GCC_541\Debug\test1.a(Switch_9_Control.o)
                              .\CortexM3\ARM_GCC_541\Debug\sd.o (Switch_9_Control_Write)
.\CortexM3\ARM_GCC_541\Debug\test1.a(Switch_10_Control.o)
                              .\CortexM3\ARM_GCC_541\Debug\sd.o (Switch_10_Control_Write)
.\CortexM3\ARM_GCC_541\Debug\test1.a(Switch_11_Control.o)
                              .\CortexM3\ARM_GCC_541\Debug\sd.o (Switch_11_Control_Write)
.\CortexM3\ARM_GCC_541\Debug\test1.a(Switch_12_Control.o)
                              .\CortexM3\ARM_GCC_541\Debug\sd.o (Switch_12_Control_Write)
.\CortexM3\ARM_GCC_541\Debug\test1.a(Switch_13_Control.o)
                              .\CortexM3\ARM_GCC_541\Debug\sd.o (Switch_13_Control_Write)
.\CortexM3\ARM_GCC_541\Debug\test1.a(Switch_14_Control.o)
                              .\CortexM3\ARM_GCC_541\Debug\sd.o (Switch_14_Control_Write)
.\CortexM3\ARM_GCC_541\Debug\test1.a(CyBootAsmGnu.o)
                              .\CortexM3\ARM_GCC_541\Debug\cyfitter_cfg.o (CyDelayCycles)
c:/program files (x86)/cypress/psoc creator/4.4/psoc creator/import/gnu/arm/5.4.1/bin/../lib/gcc/arm-none-eabi/5.4.1/armv7-m\libgcc.a(_arm_addsubdf3.o)
                              .\CortexM3\ARM_GCC_541\Debug\DataProcess.o (__aeabi_dsub)
c:/program files (x86)/cypress/psoc creator/4.4/psoc creator/import/gnu/arm/5.4.1/bin/../lib/gcc/arm-none-eabi/5.4.1/armv7-m\libgcc.a(_arm_muldivdf3.o)
                              .\CortexM3\ARM_GCC_541\Debug\DataProcess.o (__aeabi_dmul)
c:/program files (x86)/cypress/psoc creator/4.4/psoc creator/import/gnu/arm/5.4.1/bin/../lib/gcc/arm-none-eabi/5.4.1/armv7-m\libgcc.a(_arm_fixunsdfsi.o)
                              .\CortexM3\ARM_GCC_541\Debug\DataProcess.o (__aeabi_d2uiz)
c:/program files (x86)/cypress/psoc creator/4.4/psoc creator/import/gnu/arm/5.4.1/bin/../lib/gcc/arm-none-eabi/5.4.1/../../../../arm-none-eabi/lib/armv7-m\libg_nano.a(lib_a-errno.o)
                              .\CortexM3\ARM_GCC_541\Debug\Cm3Start.o (__errno)
[...]
Memory Configuration

Name             Origin             Length             Attributes
rom              0x00000000         0x00040000         xr
ram              0x1fff8000         0x00010000         xrw
*default*        0x00000000         0xffffffff

Linker script and memory map

LOAD c:/program files (x86)/cypress/psoc creator/4.4/psoc creator/import/gnu/arm/5.4.1/bin/../lib/gcc/arm-none-eabi/5.4.1/armv7-m/crti.o
LOAD c:/program files (x86)/cypress/psoc creator/4.4/psoc creator/import/gnu/arm/5.4.1/bin/../lib/gcc/arm-none-eabi/5.4.1/armv7-m/crtbegin.o
LOAD c:/program files (x86)/cypress/psoc creator/4.4/psoc creator/import/gnu/arm/5.4.1/bin/../lib/gcc/arm-none-eabi/5.4.1/../../../../arm-none-eabi/lib/armv7-m/crt0.o
START GROUP
LOAD .\CortexM3\ARM_GCC_541\Debug\main.o
LOAD .\CortexM3\ARM_GCC_541\Debug\sd.o
LOAD .\CortexM3\ARM_GCC_541\Debug\protocol.o
LOAD .\CortexM3\ARM_GCC_541\Debug\DataProcess.o
LOAD .\CortexM3\ARM_GCC_541\Debug\cyfitter_cfg.o
LOAD .\CortexM3\ARM_GCC_541\Debug\cymetadata.o
LOAD .\CortexM3\ARM_GCC_541\Debug\Cm3Start.o
LOAD .\CortexM3\ARM_GCC_541\Debug\test1.a
LOAD C:\Program Files (x86)\Cypress\PSoC Creator\4.4\PSoC Creator\psoc\content\cycomponentlibrary\CyComponentLibrary.cylib\CortexM3\ARM_GCC_541\Debug\CyComponentLibrary.a
END GROUP
START GROUP
LOAD c:/program files (x86)/cypress/psoc creator/4.4/psoc creator/import/gnu/arm/5.4.1/bin/../lib/gcc/arm-none-eabi/5.4.1/armv7-m\libgcc.a
LOAD c:/program files (x86)/cypress/psoc creator/4.4/psoc creator/import/gnu/arm/5.4.1/bin/../lib/gcc/arm-none-eabi/5.4.1/../../../../arm-none-eabi/lib/armv7-m\libg_nano.a
LOAD c:/program files (x86)/cypress/psoc creator/4.4/psoc creator/import/gnu/arm/5.4.1/bin/../lib/gcc/arm-none-eabi/5.4.1/../../../../arm-none-eabi/lib/armv7-m\libc_nano.a
END GROUP
START GROUP
LOAD c:/program files (x86)/cypress/psoc creator/4.4/psoc creator/import/gnu/arm/5.4.1/bin/../lib/gcc/arm-none-eabi/5.4.1/armv7-m\libgcc.a
LOAD c:/program files (x86)/cypress/psoc creator/4.4/psoc creator/import/gnu/arm/5.4.1/bin/../lib/gcc/arm-none-eabi/5.4.1/../../../../arm-none-eabi/lib/armv7-m\libc_nano.a
END GROUP
LOAD c:/program files (x86)/cypress/psoc creator/4.4/psoc creator/import/gnu/arm/5.4.1/bin/../lib/gcc/arm-none-eabi/5.4.1/armv7-m/crtend.o
LOAD c:/program files (x86)/cypress/psoc creator/4.4/psoc creator/import/gnu/arm/5.4.1/bin/../lib/gcc/arm-none-eabi/5.4.1/armv7-m/crtn.o
START GROUP
LOAD c:/program files (x86)/cypress/psoc creator/4.4/psoc creator/import/gnu/arm/5.4.1/bin/../lib/gcc/arm-none-eabi/5.4.1/armv7-m\libgcc.a
LOAD c:/program files (x86)/cypress/psoc creator/4.4/psoc creator/import/gnu/arm/5.4.1/bin/../lib/gcc/arm-none-eabi/5.4.1/../../../../arm-none-eabi/lib/armv7-m\libc.a
LOAD c:/program files (x86)/cypress/psoc creator/4.4/psoc creator/import/gnu/arm/5.4.1/bin/../lib/gcc/arm-none-eabi/5.4.1/../../../../arm-none-eabi/lib/armv7-m\libnosys.a
END GROUP
                0x00000000                CY_APPL_ORIGIN = 0x0
                0x00000100                CY_FLASH_ROW_SIZE = 0x100
                0x00000020                CY_ECC_ROW_SIZE = 0x20
                0x00000000                CY_EE_IN_BTLDR = 0x0
                0x00000000                CY_APPL_LOADABLE = 0x0
                0x00000800                CY_EE_SIZE = 0x800
                0x00000001                CY_APPL_NUM = 0x1
                0x00000001                CY_APPL_MAX = 0x1
                0x00000040                CY_METADATA_SIZE = 0x40
                0x00000000                CY_APPL_LOADABLE = 0x0
                0x00000000                CY_CHECKSUM_EXCLUDE_SIZE = ALIGN (0x0, CY_FLASH_ROW_SIZE)
                [!provide]                PROVIDE (__cy_heap_start, _end)
                0x00000001                PROVIDE (__cy_region_num, ((__cy_regions_end - __cy_regions) / 0x10))
                0x20008000                PROVIDE (__cy_stack, (ORIGIN (ram) + LENGTH (ram)))
                [!provide]                PROVIDE (__cy_heap_end, (__cy_stack - 0x800))

.cybootloader   0x00000000        0x0
 *(.cybootloader)
                0x00000000                appl1_start = CY_APPL_ORIGIN?CY_APPL_ORIGIN:ALIGN (CY_FLASH_ROW_SIZE)
                0x0001ff00                appl2_start = (appl1_start + ALIGN ((((LENGTH (rom) - appl1_start) - (0x2 * CY_FLASH_ROW_SIZE)) / 0x2), CY_FLASH_ROW_SIZE))
                0x00000000                appl_start = (CY_APPL_NUM == 0x1)?appl1_start:appl2_start
                0x00000000                ecc_offset = ((appl_start / CY_FLASH_ROW_SIZE) * CY_ECC_ROW_SIZE)
                0x00000000                ee_offset = (CY_APPL_LOADABLE && ! (CY_EE_IN_BTLDR))?((CY_EE_SIZE / CY_APPL_MAX) * (CY_APPL_NUM - 0x1)):0x0
                0x00000800                ee_size = (CY_APPL_LOADABLE && ! (CY_EE_IN_BTLDR))?(CY_EE_SIZE / CY_APPL_MAX):CY_EE_SIZE
                [!provide]                PROVIDE (CY_ECC_OFFSET, ecc_offset)

.text           0x00000000      0x586
 CREATE_OBJECT_SYMBOLS
                0x00000000                PROVIDE (__cy_interrupt_vector, RomVectors)
 *(.romvectors)
 .romvectors    0x00000000       0x10 .\CortexM3\ARM_GCC_541\Debug\Cm3Start.o
                0x00000000                RomVectors
                0x00000001                ASSERT ((. != __cy_interrupt_vector), No interrupt vector)
                0x00000001                ASSERT (CY_APPL_ORIGIN?(SIZEOF (.cybootloader) <= CY_APPL_ORIGIN):0x1, Wrong image location)
                0x00000010                PROVIDE (__cy_reset, Reset)
 *(.text.Reset)
 .text.Reset    0x00000010       0x18 .\CortexM3\ARM_GCC_541\Debug\Cm3Start.o
                0x00000010                Reset
                0x00000001                ASSERT ((. != __cy_reset), No reset code)
 *(.dma_init)
                0x00000001                ASSERT ((((appl_start + .) <= 0x10000) || 0x1), DMA Init must be within the first 64k of flash)
 *(.text .text.* .gnu.linkonce.t.*)
 .text          0x00000028       0x5c c:/program files (x86)/cypress/psoc creator/4.4/psoc creator/import/gnu/arm/5.4.1/bin/../lib/gcc/arm-none-eabi/5.4.1/armv7-m/crtbegin.o
 .text.main     0x00000084       0x10 .\CortexM3\ARM_GCC_541\Debug\main.o
                0x00000084                main
 .text.CyClockStartupError
                0x00000094        0x4 .\CortexM3\ARM_GCC_541\Debug\cyfitter_cfg.o
 .text.cfg_write_bytes32
                0x00000098       0x34 .\CortexM3\ARM_GCC_541\Debug\cyfitter_cfg.o
 .text.AnalogSetDefault
                0x000000cc       0x28 .\CortexM3\ARM_GCC_541\Debug\cyfitter_cfg.o
 .text.CYMEMZERO
                0x000000f4        0xc .\CortexM3\ARM_GCC_541\Debug\cyfitter_cfg.o
 .text.ClockSetup
                0x00000100       0xb4 .\CortexM3\ARM_GCC_541\Debug\cyfitter_cfg.o
 .text.CYCONFIGCPY
                0x000001b4        0x8 .\CortexM3\ARM_GCC_541\Debug\cyfitter_cfg.o
 .text.cyfitter_cfg
                0x000001bc      0x164 .\CortexM3\ARM_GCC_541\Debug\cyfitter_cfg.o
                0x000001bc                cyfitter_cfg
 .text.IntDefaultHandler
                0x00000320       0x10 .\CortexM3\ARM_GCC_541\Debug\Cm3Start.o
                0x00000320                IntDefaultHandler
 .text.Start_c  0x00000330       0x4c .\CortexM3\ARM_GCC_541\Debug\Cm3Start.o
                0x00000330                Start_c
 .text.initialize_psoc
                0x0000037c       0x68 .\CortexM3\ARM_GCC_541\Debug\Cm3Start.o
                0x0000037c                initialize_psoc
 .text.CyEEPROM_Start
                0x000003e4       0x54 .\CortexM3\ARM_GCC_541\Debug\test1.a(CyFlash.o)
                0x000003e4                CyEEPROM_Start
 .text.UART_Init
                0x00000438       0x24 .\CortexM3\ARM_GCC_541\Debug\test1.a(UART.o)
                0x00000438                UART_Init
 .text.UART_Enable
                0x0000045c       0x38 .\CortexM3\ARM_GCC_541\Debug\test1.a(UART.o)
                0x0000045c                UART_Enable
 .text.UART_Start
                0x00000494       0x1c .\CortexM3\ARM_GCC_541\Debug\test1.a(UART.o)
                0x00000494                UART_Start
 .text.UART_PutChar
                0x000004b0       0x18 .\CortexM3\ARM_GCC_541\Debug\test1.a(UART.o)
                0x000004b0                UART_PutChar
 .text.UART_IntClock_Start
                0x000004c8       0x1c .\CortexM3\ARM_GCC_541\Debug\test1.a(UART_IntClock.o)
                0x000004c8                UART_IntClock_Start
 *fill*         0x000004e4        0x4 
 .text          0x000004e8       0x20 .\CortexM3\ARM_GCC_541\Debug\test1.a(CyBootAsmGnu.o)
                0x000004e8                CyDelayCycles
                0x000004f8                CyEnterCriticalSection
                0x00000500                CyExitCriticalSection
 .text.__errno  0x00000508        0xc c:/program files (x86)/cypress/psoc creator/4.4/psoc creator/import/gnu/arm/5.4.1/bin/../lib/gcc/arm-none-eabi/5.4.1/../../../../arm-none-eabi/lib/armv7-m\libg_nano.a(lib_a-errno.o)
                0x00000508                __errno
 .text.__libc_init_array
                0x00000514       0x4c c:/program files (x86)/cypress/psoc creator/4.4/psoc creator/import/gnu/arm/5.4.1/bin/../lib/gcc/arm-none-eabi/5.4.1/../../../../arm-none-eabi/lib/armv7-m\libg_nano.a(lib_a-init.o)
                0x00000514                __libc_init_array
 .text.memcpy   0x00000560       0x16 c:/program files (x86)/cypress/psoc creator/4.4/psoc creator/import/gnu/arm/5.4.1/bin/../lib/gcc/arm-none-eabi/5.4.1/../../../../arm-none-eabi/lib/armv7-m\libg_nano.a(lib_a-memcpy-stub.o)
                0x00000560                memcpy
 .text.memset   0x00000576       0x10 c:/program files (x86)/cypress/psoc creator/4.4/psoc creator/import/gnu/arm/5.4.1/bin/../lib/gcc/arm-none-eabi/5.4.1/../../../../arm-none-eabi/lib/armv7-m\libg_nano.a(lib_a-memset.o)
                0x00000576                memset
 *(.plt)
 *(.gnu.warning)
 *(.glue_7t)
 .glue_7t       0x00000586        0x0 linker stubs
 *(.glue_7)
 .glue_7        0x00000586        0x0 linker stubs
 *(.vfp11_veneer)
 .vfp11_veneer  0x00000586        0x0 linker stubs
 *(.bootloader)
 *(.ARM.extab* .gnu.linkonce.armextab.*)
 *(.gcc_except_table)

.v4_bx          0x00000588        0x0
 .v4_bx         0x00000588        0x0 linker stubs

.iplt           0x00000588        0x0
 .iplt          0x00000588        0x0 c:/program files (x86)/cypress/psoc creator/4.4/psoc creator/import/gnu/arm/5.4.1/bin/../lib/gcc/arm-none-eabi/5.4.1/armv7-m/crtbegin.o

.eh_frame_hdr
 *(.eh_frame_hdr)

.eh_frame       0x00000588        0x4
 *(.eh_frame)
 .eh_frame      0x00000588        0x0 c:/program files (x86)/cypress/psoc creator/4.4/psoc creator/import/gnu/arm/5.4.1/bin/../lib/gcc/arm-none-eabi/5.4.1/armv7-m/crtbegin.o
 .eh_frame      0x00000588        0x4 c:/program files (x86)/cypress/psoc creator/4.4/psoc creator/import/gnu/arm/5.4.1/bin/../lib/gcc/arm-none-eabi/5.4.1/armv7-m/crtend.o
                [!provide]                PROVIDE (__exidx_start, .)

.ARM.exidx
 *(.ARM.exidx* .gnu.linkonce.armexidx.*)
                0x0000058c                __exidx_end = .

.rodata         0x0000058c       0x74
 *(.rodata .rodata.* .gnu.linkonce.r.*)
 .rodata        0x0000058c       0x3a .\CortexM3\ARM_GCC_541\Debug\cyfitter_cfg.o
 .rodata.str1.1
                0x000005c6        0x2 c:/program files (x86)/cypress/psoc creator/4.4/psoc creator/import/gnu/arm/5.4.1/bin/../lib/gcc/arm-none-eabi/5.4.1/../../../../arm-none-eabi/lib/armv7-m\libg_nano.a(lib_a-impure.o)
                0x000005c8                . = ALIGN (0x4)
 *(.init)
 .init          0x000005c8        0x4 c:/program files (x86)/cypress/psoc creator/4.4/psoc creator/import/gnu/arm/5.4.1/bin/../lib/gcc/arm-none-eabi/5.4.1/armv7-m/crti.o
                0x000005c8                _init
 .init          0x000005cc        0x8 c:/program files (x86)/cypress/psoc creator/4.4/psoc creator/import/gnu/arm/5.4.1/bin/../lib/gcc/arm-none-eabi/5.4.1/armv7-m/crtn.o
                0x000005d4                . = ALIGN (0x4)
                0x000005d4                __preinit_array_start = .
 *(.preinit_array)
                0x000005d4                __preinit_array_end = .
                0x000005d4                . = ALIGN (0x4)
                0x000005d4                __init_array_start = .
 *(SORT(.init_array.*))
 *(.init_array)
 .init_array    0x000005d4        0x4 c:/program files (x86)/cypress/psoc creator/4.4/psoc creator/import/gnu/arm/5.4.1/bin/../lib/gcc/arm-none-eabi/5.4.1/armv7-m/crtbegin.o
 .init_array    0x000005d8        0x4 .\CortexM3\ARM_GCC_541\Debug\Cm3Start.o
                0x000005dc                __init_array_end = .
                0x000005dc                . = ALIGN (0x4)
 *(.fini)
 .fini          0x000005dc        0x4 c:/program files (x86)/cypress/psoc creator/4.4/psoc creator/import/gnu/arm/5.4.1/bin/../lib/gcc/arm-none-eabi/5.4.1/armv7-m/crti.o
                0x000005dc                _fini
 .fini          0x000005e0        0x8 c:/program files (x86)/cypress/psoc creator/4.4/psoc creator/import/gnu/arm/5.4.1/bin/../lib/gcc/arm-none-eabi/5.4.1/armv7-m/crtn.o
                0x000005e8                . = ALIGN (0x4)
                0x000005e8                __fini_array_start = .
 *(.fini_array)
 .fini_array    0x000005e8        0x4 c:/program files (x86)/cypress/psoc creator/4.4/psoc creator/import/gnu/arm/5.4.1/bin/../lib/gcc/arm-none-eabi/5.4.1/armv7-m/crtbegin.o
 *(SORT(.fini_array.*))
                0x000005ec                __fini_array_end = .
                0x000005ec                . = ALIGN (0x4)
 *crtbegin.o(.ctors)
 *(EXCLUDE_FILE(*crtend.o) .ctors)
 *(SORT(.ctors.*))
 *crtend.o(.ctors)
                0x000005ec                . = ALIGN (0x4)
 *crtbegin.o(.dtors)
 *(EXCLUDE_FILE(*crtend.o) .dtors)
 *(SORT(.dtors.*))
 *crtend.o(.dtors)
                0x000005ec                . = ALIGN (0x4)
                0x000005ec                __cy_regions = .
                0x000005ec        0x4 LONG 0x600 __cy_region_init_ram
                0x000005f0        0x4 LONG 0x1fff80c8 __cy_region_start_data
                0x000005f4        0x4 LONG 0x68 __cy_region_init_size_ram
                0x000005f8        0x4 LONG 0x20 __cy_region_zero_size_ram
                0x000005fc                __cy_regions_end = .
                0x00000600                . = ALIGN (0x8)
 *fill*         0x000005fc        0x4 
                0x00000600                _etext = .

.cy_checksum_exclude
                0x00000600        0x0
 *(.cy_checksum_exclude)

.ramvectors     0x1fff8000       0xc0
                0x1fff8000                __cy_region_start_ram = .
 *(.ramvectors)
 .ramvectors    0x1fff8000       0xc0 .\CortexM3\ARM_GCC_541\Debug\Cm3Start.o
                0x1fff8000                CyRamVectors

.noinit         0x1fff80c0        0x1
 *(.noinit)
 .noinit        0x1fff80c0        0x1 .\CortexM3\ARM_GCC_541\Debug\test1.a(CyLib.o)
                0x1fff80c0                CyResetStatus

.data           0x1fff80c8       0x68 load address 0x00000600
                0x1fff80c8                __cy_region_start_data = .
 *(.jcr)
 .jcr           0x1fff80c8        0x0 c:/program files (x86)/cypress/psoc creator/4.4/psoc creator/import/gnu/arm/5.4.1/bin/../lib/gcc/arm-none-eabi/5.4.1/armv7-m/crtbegin.o
 .jcr           0x1fff80c8        0x4 c:/program files (x86)/cypress/psoc creator/4.4/psoc creator/import/gnu/arm/5.4.1/bin/../lib/gcc/arm-none-eabi/5.4.1/armv7-m/crtend.o
 *(.got.plt)
 *(.got)
 *(.shdata)
 *(.data .data.* .gnu.linkonce.d.*)
 .data.impure_data
                0x1fff80cc       0x60 c:/program files (x86)/cypress/psoc creator/4.4/psoc creator/import/gnu/arm/5.4.1/bin/../lib/gcc/arm-none-eabi/5.4.1/../../../../arm-none-eabi/lib/armv7-m\libg_nano.a(lib_a-impure.o)
 .data._impure_ptr
                0x1fff812c        0x4 c:/program files (x86)/cypress/psoc creator/4.4/psoc creator/import/gnu/arm/5.4.1/bin/../lib/gcc/arm-none-eabi/5.4.1/../../../../arm-none-eabi/lib/armv7-m\libg_nano.a(lib_a-impure.o)
                0x1fff812c                _impure_ptr
                0x1fff8130                . = ALIGN (0x8)
 *(.ram)
                0x1fff8130                _edata = .

.igot.plt       0x1fff8130        0x0 load address 0x00000668
 .igot.plt      0x1fff8130        0x0 c:/program files (x86)/cypress/psoc creator/4.4/psoc creator/import/gnu/arm/5.4.1/bin/../lib/gcc/arm-none-eabi/5.4.1/armv7-m/crtbegin.o

.bss            0x1fff8130       0x20 load address 0x00000668
                0x1fff8130                PROVIDE (__bss_start__, .)
 *(.shbss)
 *(.bss .bss.* .gnu.linkonce.b.*)
 .bss           0x1fff8130       0x1c c:/program files (x86)/cypress/psoc creator/4.4/psoc creator/import/gnu/arm/5.4.1/bin/../lib/gcc/arm-none-eabi/5.4.1/armv7-m/crtbegin.o
 .bss           0x1fff814c        0x2 .\CortexM3\ARM_GCC_541\Debug\test1.a(UART.o)
                0x1fff814c                UART_initVar
 *(COMMON)
                0x1fff8150                . = ALIGN (0x8)
 *fill*         0x1fff814e        0x2 
 *(.ram.b)
                0x1fff8150                _end = .
                0x1fff8150                __end = .
                0x1fff8150                PROVIDE (end, .)
                0x1fff8150                PROVIDE (__bss_end__, .)
                0x00000600                __cy_region_init_ram = LOADADDR (.data)
                0x00000068                __cy_region_init_size_ram = (_edata - ADDR (.data))
                0x00000020                __cy_region_zero_size_ram = (_end - _edata)

.heap           0x1fff8150       0x80 load address 0x00000668
                0x1fff8150                . = _end
                0x1fff81d0                . = (. + 0x80)
 *fill*         0x1fff8150       0x80 
                0x1fff81d0                __cy_heap_limit = .

.stack          0x20007800      0x800
                0x20007800                __cy_stack_limit = .
                0x20008000                . = (. + 0x800)
 *fill*         0x20007800      0x800 
                0x00000001                ASSERT ((__cy_stack_limit >= __cy_heap_limit), region RAM overflowed with stack)
                0x00000000                cy_checksum_exclude_size = (CY_APPL_LOADABLE == 0x1)?SIZEOF (.cy_checksum_exclude):0x0
                0x00000001                ASSERT ((cy_checksum_exclude_size <= CY_CHECKSUM_EXCLUDE_SIZE), CY_BOOT: Section .cy_checksum_exclude size exceedes specified limit.)

.cyloadermeta
 *(.cyloadermeta)

.cyloadablemeta
 *(.cyloadablemeta)

.cyconfigecc    0x80000000      0x330
 *(.cyconfigecc)
 .cyconfigecc   0x80000000      0x330 .\CortexM3\ARM_GCC_541\Debug\cymetadata.o
                0x80000000                cy_meta_configecc

.cycustnvl      0x90000000        0x4
 *(.cycustnvl)
 .cycustnvl     0x90000000        0x4 .\CortexM3\ARM_GCC_541\Debug\cymetadata.o
                0x90000000                cy_meta_custnvl

.cywolatch      0x90100000        0x4
 *(.cywolatch)
 .cywolatch     0x90100000        0x4 .\CortexM3\ARM_GCC_541\Debug\cymetadata.o
                0x90100000                cy_meta_wonvl

.cyeeprom       0x90200000      0x800
 *(.cyeeprom)
 .cyeeprom      0x90200000      0x800 .\CortexM3\ARM_GCC_541\Debug\cymetadata.o
                0x90200000                cy_eeprom
                0x00000001                ASSERT ((. <= ((0x90200000 + ee_offset) + ee_size)), .cyeeprom data will not fit in EEPROM)

.cyflashprotect
                0x90400000      0x100
 *(.cyflashprotect)
 .cyflashprotect
                0x90400000      0x100 .\CortexM3\ARM_GCC_541\Debug\cymetadata.o
                0x90400000                cy_meta_flashprotect

.cymeta         0x90500000        0xc
 *(.cymeta)
 .cymeta        0x90500000        0xc .\CortexM3\ARM_GCC_541\Debug\cymetadata.o
                0x90500000                cy_metadata

.rel.dyn        0x00000668        0x0 load address 0x9050000c
 .rel.iplt      0x00000668        0x0 c:/program files (x86)/cypress/psoc creator/4.4/psoc creator/import/gnu/arm/5.4.1/bin/../lib/gcc/arm-none-eabi/5.4.1/armv7-m/crtbegin.o

.stab
 *(.stab)

.stabstr
 *(.stabstr)

.debug
 *(.debug)

.line
 *(.line)

.debug_srcinfo
 *(.debug_srcinfo)

.debug_sfnames
 *(.debug_sfnames)

.debug_aranges  0x00000000      0xbd8
 *(.debug_aranges)
 .debug_aranges
                0x00000000       0x20 .\CortexM3\ARM_GCC_541\Debug\main.o
 .debug_aranges
                0x00000020       0x30 .\CortexM3\ARM_GCC_541\Debug\sd.o
 .debug_aranges
                0x00000050       0x38 .\CortexM3\ARM_GCC_541\Debug\protocol.o
 .debug_aranges
                0x00000088       0x38 .\CortexM3\ARM_GCC_541\Debug\DataProcess.o
 .debug_aranges
                0x000000c0       0x58 .\CortexM3\ARM_GCC_541\Debug\cyfitter_cfg.o
 .debug_aranges
                0x00000118       0x18 .\CortexM3\ARM_GCC_541\Debug\cymetadata.o
 .debug_aranges
                0x00000130       0x48 .\CortexM3\ARM_GCC_541\Debug\Cm3Start.o
 .debug_aranges
                0x00000178       0x88 .\CortexM3\ARM_GCC_541\Debug\test1.a(CyFlash.o)
 .debug_aranges
                0x00000200      0x2a0 .\CortexM3\ARM_GCC_541\Debug\test1.a(CyLib.o)
 .debug_aranges
                0x000004a0       0x98 .\CortexM3\ARM_GCC_541\Debug\test1.a(cyPm.o)
 .debug_aranges
                0x00000538       0x80 .\CortexM3\ARM_GCC_541\Debug\test1.a(CySpc.o)
 .debug_aranges
                0x000005b8       0x38 .\CortexM3\ARM_GCC_541\Debug\test1.a(Switch_15_Control.o)
 .debug_aranges
                0x000005f0       0x38 .\CortexM3\ARM_GCC_541\Debug\test1.a(Switch_16_Control.o)
 .debug_aranges
                0x00000628       0x38 .\CortexM3\ARM_GCC_541\Debug\test1.a(Switch_17_Control.o)
 .debug_aranges
                0x00000660       0x38 .\CortexM3\ARM_GCC_541\Debug\test1.a(Switch_18_Control.o)
 .debug_aranges
                0x00000698       0xf0 .\CortexM3\ARM_GCC_541\Debug\test1.a(UART.o)
 .debug_aranges
                0x00000788       0x70 .\CortexM3\ARM_GCC_541\Debug\test1.a(UART_IntClock.o)
 .debug_aranges
                0x000007f8       0x38 .\CortexM3\ARM_GCC_541\Debug\test1.a(ZeroGasOut.o)
 .debug_aranges
                0x00000830       0x78 .\CortexM3\ARM_GCC_541\Debug\test1.a(EEPROM.o)
 .debug_aranges
                0x000008a8       0x38 .\CortexM3\ARM_GCC_541\Debug\test1.a(Switch_1_Control.o)
 .debug_aranges
                0x000008e0       0x38 .\CortexM3\ARM_GCC_541\Debug\test1.a(Switch_2_Control.o)
 .debug_aranges
                0x00000918       0x38 .\CortexM3\ARM_GCC_541\Debug\test1.a(Switch_3_Control.o)
 .debug_aranges
                0x00000950       0x38 .\CortexM3\ARM_GCC_541\Debug\test1.a(Switch_4_Control.o)
 .debug_aranges
                0x00000988       0x38 .\CortexM3\ARM_GCC_541\Debug\test1.a(Switch_5_Control.o)
 .debug_aranges
                0x000009c0       0x38 .\CortexM3\ARM_GCC_541\Debug\test1.a(Switch_6_Control.o)
 .debug_aranges
                0x000009f8       0x38 .\CortexM3\ARM_GCC_541\Debug\test1.a(Switch_7_Control.o)
 .debug_aranges
                0x00000a30       0x38 .\CortexM3\ARM_GCC_541\Debug\test1.a(Switch_8_Control.o)
 .debug_aranges
                0x00000a68       0x38 .\CortexM3\ARM_GCC_541\Debug\test1.a(Switch_9_Control.o)
 .debug_aranges
                0x00000aa0       0x38 .\CortexM3\ARM_GCC_541\Debug\test1.a(Switch_10_Control.o)
 .debug_aranges
                0x00000ad8       0x38 .\CortexM3\ARM_GCC_541\Debug\test1.a(Switch_11_Control.o)
 .debug_aranges
                0x00000b10       0x38 .\CortexM3\ARM_GCC_541\Debug\test1.a(Switch_12_Control.o)
 .debug_aranges
                0x00000b48       0x38 .\CortexM3\ARM_GCC_541\Debug\test1.a(Switch_13_Control.o)
 .debug_aranges
                0x00000b80       0x38 .\CortexM3\ARM_GCC_541\Debug\test1.a(Switch_14_Control.o)
 .debug_aranges
                0x00000bb8       0x20 .\CortexM3\ARM_GCC_541\Debug\test1.a(CyBootAsmGnu.o)

.debug_pubnames
 *(.debug_pubnames)

.debug_info     0x00000000     0x6824
 *(.debug_info .gnu.linkonce.wi.*)
 .debug_info    0x00000000       0xff .\CortexM3\ARM_GCC_541\Debug\main.o
 .debug_info    0x000000ff      0x5d5 .\CortexM3\ARM_GCC_541\Debug\sd.o
 .debug_info    0x000006d4      0x4e8 .\CortexM3\ARM_GCC_541\Debug\protocol.o
 .debug_info    0x00000bbc      0x356 .\CortexM3\ARM_GCC_541\Debug\DataProcess.o
 .debug_info    0x00000f12      0x63d .\CortexM3\ARM_GCC_541\Debug\cyfitter_cfg.o
 .debug_info    0x0000154f      0x15e .\CortexM3\ARM_GCC_541\Debug\cymetadata.o
 .debug_info    0x000016ad      0x3bb .\CortexM3\ARM_GCC_541\Debug\Cm3Start.o
 .debug_info    0x00001a68      0x64d .\CortexM3\ARM_GCC_541\Debug\test1.a(CyFlash.o)
 .debug_info    0x000020b5     0x1374 .\CortexM3\ARM_GCC_541\Debug\test1.a(CyLib.o)
 .debug_info    0x00003429      0xa2a .\CortexM3\ARM_GCC_541\Debug\test1.a(cyPm.o)
 .debug_info    0x00003e53      0x550 .\CortexM3\ARM_GCC_541\Debug\test1.a(CySpc.o)
 .debug_info    0x000043a3      0x11f .\CortexM3\ARM_GCC_541\Debug\test1.a(Switch_15_Control.o)
 .debug_info    0x000044c2      0x11f .\CortexM3\ARM_GCC_541\Debug\test1.a(Switch_16_Control.o)
 .debug_info    0x000045e1      0x11f .\CortexM3\ARM_GCC_541\Debug\test1.a(Switch_17_Control.o)
 .debug_info    0x00004700      0x11f .\CortexM3\ARM_GCC_541\Debug\test1.a(Switch_18_Control.o)
 .debug_info    0x0000481f      0x60c .\CortexM3\ARM_GCC_541\Debug\test1.a(UART.o)
 .debug_info    0x00004e2b      0x283 .\CortexM3\ARM_GCC_541\Debug\test1.a(UART_IntClock.o)
 .debug_info    0x000050ae      0x11f .\CortexM3\ARM_GCC_541\Debug\test1.a(ZeroGasOut.o)
 .debug_info    0x000051cd      0x630 .\CortexM3\ARM_GCC_541\Debug\test1.a(EEPROM.o)
 .debug_info    0x000057fd      0x11f .\CortexM3\ARM_GCC_541\Debug\test1.a(Switch_1_Control.o)
 .debug_info    0x0000591c      0x11f .\CortexM3\ARM_GCC_541\Debug\test1.a(Switch_2_Control.o)
 .debug_info    0x00005a3b      0x11f .\CortexM3\ARM_GCC_541\Debug\test1.a(Switch_3_Control.o)
 .debug_info    0x00005b5a      0x11f .\CortexM3\ARM_GCC_541\Debug\test1.a(Switch_4_Control.o)
 .debug_info    0x00005c79      0x11f .\CortexM3\ARM_GCC_541\Debug\test1.a(Switch_5_Control.o)
 .debug_info    0x00005d98      0x11f .\CortexM3\ARM_GCC_541\Debug\test1.a(Switch_6_Control.o)
 .debug_info    0x00005eb7      0x11f .\CortexM3\ARM_GCC_541\Debug\test1.a(Switch_7_Control.o)
 .debug_info    0x00005fd6      0x11f .\CortexM3\ARM_GCC_541\Debug\test1.a(Switch_8_Control.o)
 .debug_info    0x000060f5      0x11f .\CortexM3\ARM_GCC_541\Debug\test1.a(Switch_9_Control.o)
 .debug_info    0x00006214      0x11f .\CortexM3\ARM_GCC_541\Debug\test1.a(Switch_10_Control.o)
 .debug_info    0x00006333      0x11f .\CortexM3\ARM_GCC_541\Debug\test1.a(Switch_11_Control.o)
 .debug_info    0x00006452      0x11f .\CortexM3\ARM_GCC_541\Debug\test1.a(Switch_12_Control.o)
 .debug_info    0x00006571      0x11f .\CortexM3\ARM_GCC_541\Debug\test1.a(Switch_13_Control.o)
 .debug_info    0x00006690      0x11f .\CortexM3\ARM_GCC_541\Debug\test1.a(Switch_14_Control.o)
 .debug_info    0x000067af       0x75 .\CortexM3\ARM_GCC_541\Debug\test1.a(CyBootAsmGnu.o)

.debug_abbrev   0x00000000     0x1f27
 *(.debug_abbrev)
 .debug_abbrev  0x00000000       0xa1 .\CortexM3\ARM_GCC_541\Debug\main.o
 .debug_abbrev  0x000000a1       0xee .\CortexM3\ARM_GCC_541\Debug\sd.o
 .debug_abbrev  0x0000018f      0x1c3 .\CortexM3\ARM_GCC_541\Debug\protocol.o
 .debug_abbrev  0x00000352      0x16f .\CortexM3\ARM_GCC_541\Debug\DataProcess.o
 .debug_abbrev  0x000004c1      0x20d .\CortexM3\ARM_GCC_541\Debug\cyfitter_cfg.o
 .debug_abbrev  0x000006ce       0x77 .\CortexM3\ARM_GCC_541\Debug\cymetadata.o
 .debug_abbrev  0x00000745      0x1e8 .\CortexM3\ARM_GCC_541\Debug\Cm3Start.o
 .debug_abbrev  0x0000092d      0x1a7 .\CortexM3\ARM_GCC_541\Debug\test1.a(CyFlash.o)
 .debug_abbrev  0x00000ad4      0x254 .\CortexM3\ARM_GCC_541\Debug\test1.a(CyLib.o)
 .debug_abbrev  0x00000d28      0x1ab .\CortexM3\ARM_GCC_541\Debug\test1.a(cyPm.o)
 .debug_abbrev  0x00000ed3      0x194 .\CortexM3\ARM_GCC_541\Debug\test1.a(CySpc.o)
 .debug_abbrev  0x00001067       0x90 .\CortexM3\ARM_GCC_541\Debug\test1.a(Switch_15_Control.o)
 .debug_abbrev  0x000010f7       0x90 .\CortexM3\ARM_GCC_541\Debug\test1.a(Switch_16_Control.o)
 .debug_abbrev  0x00001187       0x90 .\CortexM3\ARM_GCC_541\Debug\test1.a(Switch_17_Control.o)
 .debug_abbrev  0x00001217       0x90 .\CortexM3\ARM_GCC_541\Debug\test1.a(Switch_18_Control.o)
 .debug_abbrev  0x000012a7      0x175 .\CortexM3\ARM_GCC_541\Debug\test1.a(UART.o)
 .debug_abbrev  0x0000141c      0x139 .\CortexM3\ARM_GCC_541\Debug\test1.a(UART_IntClock.o)
 .debug_abbrev  0x00001555       0x90 .\CortexM3\ARM_GCC_541\Debug\test1.a(ZeroGasOut.o)
 .debug_abbrev  0x000015e5      0x14e .\CortexM3\ARM_GCC_541\Debug\test1.a(EEPROM.o)
 .debug_abbrev  0x00001733       0x90 .\CortexM3\ARM_GCC_541\Debug\test1.a(Switch_1_Control.o)
 .debug_abbrev  0x000017c3       0x90 .\CortexM3\ARM_GCC_541\Debug\test1.a(Switch_2_Control.o)
 .debug_abbrev  0x00001853       0x90 .\CortexM3\ARM_GCC_541\Debug\test1.a(Switch_3_Control.o)
 .debug_abbrev  0x000018e3       0x90 .\CortexM3\ARM_GCC_541\Debug\test1.a(Switch_4_Control.o)
 .debug_abbrev  0x00001973       0x90 .\CortexM3\ARM_GCC_541\Debug\test1.a(Switch_5_Control.o)
 .debug_abbrev  0x00001a03       0x90 .\CortexM3\ARM_GCC_541\Debug\test1.a(Switch_6_Control.o)
 .debug_abbrev  0x00001a93       0x90 .\CortexM3\ARM_GCC_541\Debug\test1.a(Switch_7_Control.o)
 .debug_abbrev  0x00001b23       0x90 .\CortexM3\ARM_GCC_541\Debug\test1.a(Switch_8_Control.o)
 .debug_abbrev  0x00001bb3       0x90 .\CortexM3\ARM_GCC_541\Debug\test1.a(Switch_9_Control.o)
 .debug_abbrev  0x00001c43       0x90 .\CortexM3\ARM_GCC_541\Debug\test1.a(Switch_10_Control.o)
 .debug_abbrev  0x00001cd3       0x90 .\CortexM3\ARM_GCC_541\Debug\test1.a(Switch_11_Control.o)
 .debug_abbrev  0x00001d63       0x90 .\CortexM3\ARM_GCC_541\Debug\test1.a(Switch_12_Control.o)
 .debug_abbrev  0x00001df3       0x90 .\CortexM3\ARM_GCC_541\Debug\test1.a(Switch_13_Control.o)
 .debug_abbrev  0x00001e83       0x90 .\CortexM3\ARM_GCC_541\Debug\test1.a(Switch_14_Control.o)
 .debug_abbrev  0x00001f13       0x14 .\CortexM3\ARM_GCC_541\Debug\test1.a(CyBootAsmGnu.o)

.debug_line     0x00000000     0x3245
 *(.debug_line)
 .debug_line    0x00000000      0x16b .\CortexM3\ARM_GCC_541\Debug\main.o
 .debug_line    0x0000016b      0x368 .\CortexM3\ARM_GCC_541\Debug\sd.o
 .debug_line    0x000004d3      0x368 .\CortexM3\ARM_GCC_541\Debug\protocol.o
 .debug_line    0x0000083b      0x1ec .\CortexM3\ARM_GCC_541\Debug\DataProcess.o
 .debug_line    0x00000a27      0x206 .\CortexM3\ARM_GCC_541\Debug\cyfitter_cfg.o
 .debug_line    0x00000c2d      0x141 .\CortexM3\ARM_GCC_541\Debug\cymetadata.o
 .debug_line    0x00000d6e      0x234 .\CortexM3\ARM_GCC_541\Debug\Cm3Start.o
 .debug_line    0x00000fa2      0x21a .\CortexM3\ARM_GCC_541\Debug\test1.a(CyFlash.o)
 .debug_line    0x000011bc      0x816 .\CortexM3\ARM_GCC_541\Debug\test1.a(CyLib.o)
 .debug_line    0x000019d2      0x367 .\CortexM3\ARM_GCC_541\Debug\test1.a(cyPm.o)
 .debug_line    0x00001d39      0x260 .\CortexM3\ARM_GCC_541\Debug\test1.a(CySpc.o)
 .debug_line    0x00001f99       0x9e .\CortexM3\ARM_GCC_541\Debug\test1.a(Switch_15_Control.o)
 .debug_line    0x00002037       0x9e .\CortexM3\ARM_GCC_541\Debug\test1.a(Switch_16_Control.o)
 .debug_line    0x000020d5       0x9e .\CortexM3\ARM_GCC_541\Debug\test1.a(Switch_17_Control.o)
 .debug_line    0x00002173       0x9e .\CortexM3\ARM_GCC_541\Debug\test1.a(Switch_18_Control.o)
 .debug_line    0x00002211      0x2bc .\CortexM3\ARM_GCC_541\Debug\test1.a(UART.o)
 .debug_line    0x000024cd      0x17c .\CortexM3\ARM_GCC_541\Debug\test1.a(UART_IntClock.o)
 .debug_line    0x00002649       0x97 .\CortexM3\ARM_GCC_541\Debug\test1.a(ZeroGasOut.o)
 .debug_line    0x000026e0      0x264 .\CortexM3\ARM_GCC_541\Debug\test1.a(EEPROM.o)
 .debug_line    0x00002944       0x9d .\CortexM3\ARM_GCC_541\Debug\test1.a(Switch_1_Control.o)
 .debug_line    0x000029e1       0x9d .\CortexM3\ARM_GCC_541\Debug\test1.a(Switch_2_Control.o)
 .debug_line    0x00002a7e       0x9d .\CortexM3\ARM_GCC_541\Debug\test1.a(Switch_3_Control.o)
 .debug_line    0x00002b1b       0x9d .\CortexM3\ARM_GCC_541\Debug\test1.a(Switch_4_Control.o)
 .debug_line    0x00002bb8       0x9d .\CortexM3\ARM_GCC_541\Debug\test1.a(Switch_5_Control.o)
 .debug_line    0x00002c55       0x9d .\CortexM3\ARM_GCC_541\Debug\test1.a(Switch_6_Control.o)
 .debug_line    0x00002cf2       0x9d .\CortexM3\ARM_GCC_541\Debug\test1.a(Switch_7_Control.o)
 .debug_line    0x00002d8f       0x9d .\CortexM3\ARM_GCC_541\Debug\test1.a(Switch_8_Control.o)
 .debug_line    0x00002e2c       0x9d .\CortexM3\ARM_GCC_541\Debug\test1.a(Switch_9_Control.o)
 .debug_line    0x00002ec9       0x9e .\CortexM3\ARM_GCC_541\Debug\test1.a(Switch_10_Control.o)
 .debug_line    0x00002f67       0x9e .\CortexM3\ARM_GCC_541\Debug\test1.a(Switch_11_Control.o)
 .debug_line    0x00003005       0x9e .\CortexM3\ARM_GCC_541\Debug\test1.a(Switch_12_Control.o)
 .debug_line    0x000030a3       0x9e .\CortexM3\ARM_GCC_541\Debug\test1.a(Switch_13_Control.o)
 .debug_line    0x00003141       0x9e .\CortexM3\ARM_GCC_541\Debug\test1.a(Switch_14_Control.o)
 .debug_line    0x000031df       0x66 .\CortexM3\ARM_GCC_541\Debug\test1.a(CyBootAsmGnu.o)

.debug_frame    0x00000000     0x1afc
 *(.debug_frame)
 .debug_frame   0x00000000       0x2c .\CortexM3\ARM_GCC_541\Debug\main.o
 .debug_frame   0x0000002c       0x64 .\CortexM3\ARM_GCC_541\Debug\sd.o
 .debug_frame   0x00000090       0x88 .\CortexM3\ARM_GCC_541\Debug\protocol.o
 .debug_frame   0x00000118       0xac .\CortexM3\ARM_GCC_541\Debug\DataProcess.o
 .debug_frame   0x000001c4       0xe4 .\CortexM3\ARM_GCC_541\Debug\cyfitter_cfg.o
 .debug_frame   0x000002a8       0xb8 .\CortexM3\ARM_GCC_541\Debug\Cm3Start.o
 .debug_frame   0x00000360      0x194 .\CortexM3\ARM_GCC_541\Debug\test1.a(CyFlash.o)
 .debug_frame   0x000004f4      0x738 .\CortexM3\ARM_GCC_541\Debug\test1.a(CyLib.o)
 .debug_frame   0x00000c2c      0x1f8 .\CortexM3\ARM_GCC_541\Debug\test1.a(cyPm.o)
 .debug_frame   0x00000e24      0x180 .\CortexM3\ARM_GCC_541\Debug\test1.a(CySpc.o)
 .debug_frame   0x00000fa4       0x50 .\CortexM3\ARM_GCC_541\Debug\test1.a(Switch_15_Control.o)
 .debug_frame   0x00000ff4       0x50 .\CortexM3\ARM_GCC_541\Debug\test1.a(Switch_16_Control.o)
 .debug_frame   0x00001044       0x50 .\CortexM3\ARM_GCC_541\Debug\test1.a(Switch_17_Control.o)
 .debug_frame   0x00001094       0x50 .\CortexM3\ARM_GCC_541\Debug\test1.a(Switch_18_Control.o)
 .debug_frame   0x000010e4      0x250 .\CortexM3\ARM_GCC_541\Debug\test1.a(UART.o)
 .debug_frame   0x00001334       0xe0 .\CortexM3\ARM_GCC_541\Debug\test1.a(UART_IntClock.o)
 .debug_frame   0x00001414       0x50 .\CortexM3\ARM_GCC_541\Debug\test1.a(ZeroGasOut.o)
 .debug_frame   0x00001464      0x17c .\CortexM3\ARM_GCC_541\Debug\test1.a(EEPROM.o)
 .debug_frame   0x000015e0       0x50 .\CortexM3\ARM_GCC_541\Debug\test1.a(Switch_1_Control.o)
 .debug_frame   0x00001630       0x50 .\CortexM3\ARM_GCC_541\Debug\test1.a(Switch_2_Control.o)
 .debug_frame   0x00001680       0x50 .\CortexM3\ARM_GCC_541\Debug\test1.a(Switch_3_Control.o)
 .debug_frame   0x000016d0       0x50 .\CortexM3\ARM_GCC_541\Debug\test1.a(Switch_4_Control.o)
 .debug_frame   0x00001720       0x50 .\CortexM3\ARM_GCC_541\Debug\test1.a(Switch_5_Control.o)
 .debug_frame   0x00001770       0x50 .\CortexM3\ARM_GCC_541\Debug\test1.a(Switch_6_Control.o)
 .debug_frame   0x000017c0       0x50 .\CortexM3\ARM_GCC_541\Debug\test1.a(Switch_7_Control.o)
 .debug_frame   0x00001810       0x50 .\CortexM3\ARM_GCC_541\Debug\test1.a(Switch_8_Control.o)
 .debug_frame   0x00001860       0x50 .\CortexM3\ARM_GCC_541\Debug\test1.a(Switch_9_Control.o)
 .debug_frame   0x000018b0       0x50 .\CortexM3\ARM_GCC_541\Debug\test1.a(Switch_10_Control.o)
 .debug_frame   0x00001900       0x50 .\CortexM3\ARM_GCC_541\Debug\test1.a(Switch_11_Control.o)
 .debug_frame   0x00001950       0x50 .\CortexM3\ARM_GCC_541\Debug\test1.a(Switch_12_Control.o)
 .debug_frame   0x000019a0       0x50 .\CortexM3\ARM_GCC_541\Debug\test1.a(Switch_13_Control.o)
 .debug_frame   0x000019f0       0x50 .\CortexM3\ARM_GCC_541\Debug\test1.a(Switch_14_Control.o)
 .debug_frame   0x00001a40       0x20 c:/program files (x86)/cypress/psoc creator/4.4/psoc creator/import/gnu/arm/5.4.1/bin/../lib/gcc/arm-none-eabi/5.4.1/../../../../arm-none-eabi/lib/armv7-m\libg_nano.a(lib_a-errno.o)
 .debug_frame   0x00001a60       0x28 c:/program files (x86)/cypress/psoc creator/4.4/psoc creator/import/gnu/arm/5.4.1/bin/../lib/gcc/arm-none-eabi/5.4.1/../../../../arm-none-eabi/lib/armv7-m\libg_nano.a(lib_a-exit.o)
 .debug_frame   0x00001a88       0x2c c:/program files (x86)/cypress/psoc creator/4.4/psoc creator/import/gnu/arm/5.4.1/bin/../lib/gcc/arm-none-eabi/5.4.1/../../../../arm-none-eabi/lib/armv7-m\libg_nano.a(lib_a-init.o)
 .debug_frame   0x00001ab4       0x28 c:/program files (x86)/cypress/psoc creator/4.4/psoc creator/import/gnu/arm/5.4.1/bin/../lib/gcc/arm-none-eabi/5.4.1/../../../../arm-none-eabi/lib/armv7-m\libg_nano.a(lib_a-memcpy-stub.o)
 .debug_frame   0x00001adc       0x20 c:/program files (x86)/cypress/psoc creator/4.4/psoc creator/import/gnu/arm/5.4.1/bin/../lib/gcc/arm-none-eabi/5.4.1/../../../../arm-none-eabi/lib/armv7-m\libg_nano.a(lib_a-memset.o)

.debug_str      0x00000000     0x2511
 *(.debug_str)
 .debug_str     0x00000000      0x15b .\CortexM3\ARM_GCC_541\Debug\main.o
                                0x1a3 (size before relaxing)
 .debug_str     0x0000015b      0x1e0 .\CortexM3\ARM_GCC_541\Debug\sd.o
                                0x365 (size before relaxing)
 .debug_str     0x0000033b      0x14d .\CortexM3\ARM_GCC_541\Debug\protocol.o
                                0x320 (size before relaxing)
 .debug_str     0x00000488      0x164 .\CortexM3\ARM_GCC_541\Debug\DataProcess.o
                                0x31c (size before relaxing)
 .debug_str     0x000005ec      0x1a3 .\CortexM3\ARM_GCC_541\Debug\cyfitter_cfg.o
                                0x338 (size before relaxing)
 .debug_str     0x0000078f       0x7f .\CortexM3\ARM_GCC_541\Debug\cymetadata.o
                                0x1d3 (size before relaxing)
 .debug_str     0x0000080e      0x144 .\CortexM3\ARM_GCC_541\Debug\Cm3Start.o
                                0x2ef (size before relaxing)
 .debug_str     0x00000952      0x20f .\CortexM3\ARM_GCC_541\Debug\test1.a(CyFlash.o)
                                0x3a5 (size before relaxing)
 .debug_str     0x00000b61      0x7fa .\CortexM3\ARM_GCC_541\Debug\test1.a(CyLib.o)
                                0xa2c (size before relaxing)
 .debug_str     0x0000135b      0x34f .\CortexM3\ARM_GCC_541\Debug\test1.a(cyPm.o)
                                0x718 (size before relaxing)
 .debug_str     0x000016aa       0xac .\CortexM3\ARM_GCC_541\Debug\test1.a(CySpc.o)
                                0x31d (size before relaxing)
 .debug_str     0x00001756       0x8a .\CortexM3\ARM_GCC_541\Debug\test1.a(Switch_15_Control.o)
                                0x203 (size before relaxing)
 .debug_str     0x000017e0       0x7f .\CortexM3\ARM_GCC_541\Debug\test1.a(Switch_16_Control.o)
                                0x203 (size before relaxing)
 .debug_str     0x0000185f       0x7f .\CortexM3\ARM_GCC_541\Debug\test1.a(Switch_17_Control.o)
                                0x203 (size before relaxing)
 .debug_str     0x000018de       0x7f .\CortexM3\ARM_GCC_541\Debug\test1.a(Switch_18_Control.o)
                                0x203 (size before relaxing)
 .debug_str     0x0000195d      0x25e .\CortexM3\ARM_GCC_541\Debug\test1.a(UART.o)
                                0x45a (size before relaxing)
 .debug_str     0x00001bbb      0x183 .\CortexM3\ARM_GCC_541\Debug\test1.a(UART_IntClock.o)
                                0x31b (size before relaxing)
 .debug_str     0x00001d3e       0x63 .\CortexM3\ARM_GCC_541\Debug\test1.a(ZeroGasOut.o)
                                0x1e0 (size before relaxing)
 .debug_str     0x00001da1       0xa2 .\CortexM3\ARM_GCC_541\Debug\test1.a(EEPROM.o)
                                0x3a7 (size before relaxing)
 .debug_str     0x00001e43       0x7b .\CortexM3\ARM_GCC_541\Debug\test1.a(Switch_1_Control.o)
                                0x1fe (size before relaxing)
 .debug_str     0x00001ebe       0x7b .\CortexM3\ARM_GCC_541\Debug\test1.a(Switch_2_Control.o)
                                0x1fe (size before relaxing)
 .debug_str     0x00001f39       0x7b .\CortexM3\ARM_GCC_541\Debug\test1.a(Switch_3_Control.o)
                                0x1fe (size before relaxing)
 .debug_str     0x00001fb4       0x7b .\CortexM3\ARM_GCC_541\Debug\test1.a(Switch_4_Control.o)
                                0x1fe (size before relaxing)
 .debug_str     0x0000202f       0x7b .\CortexM3\ARM_GCC_541\Debug\test1.a(Switch_5_Control.o)
                                0x1fe (size before relaxing)
 .debug_str     0x000020aa       0x7b .\CortexM3\ARM_GCC_541\Debug\test1.a(Switch_6_Control.o)
                                0x1fe (size before relaxing)
 .debug_str     0x00002125       0x7b .\CortexM3\ARM_GCC_541\Debug\test1.a(Switch_7_Control.o)
                                0x1fe (size before relaxing)
 .debug_str     0x000021a0       0x7b .\CortexM3\ARM_GCC_541\Debug\test1.a(Switch_8_Control.o)
                                0x1fe (size before relaxing)
 .debug_str     0x0000221b       0x7b .\CortexM3\ARM_GCC_541\Debug\test1.a(Switch_9_Control.o)
                                0x1fe (size before relaxing)
 .debug_str     0x00002296       0x7f .\CortexM3\ARM_GCC_541\Debug\test1.a(Switch_10_Control.o)
                                0x203 (size before relaxing)
 .debug_str     0x00002315       0x7f .\CortexM3\ARM_GCC_541\Debug\test1.a(Switch_11_Control.o)
                                0x203 (size before relaxing)
 .debug_str     0x00002394       0x7f .\CortexM3\ARM_GCC_541\Debug\test1.a(Switch_12_Control.o)
                                0x203 (size before relaxing)
 .debug_str     0x00002413       0x7f .\CortexM3\ARM_GCC_541\Debug\test1.a(Switch_13_Control.o)
                                0x203 (size before relaxing)
 .debug_str     0x00002492       0x7f .\CortexM3\ARM_GCC_541\Debug\test1.a(Switch_14_Control.o)
                                0x203 (size before relaxing)

.debug_loc      0x00000000     0x2eac
 *(.debug_loc)
 .debug_loc     0x00000000       0x42 .\CortexM3\ARM_GCC_541\Debug\sd.o
 .debug_loc     0x00000042      0x432 .\CortexM3\ARM_GCC_541\Debug\protocol.o
 .debug_loc     0x00000474      0x2e5 .\CortexM3\ARM_GCC_541\Debug\DataProcess.o
 .debug_loc     0x00000759      0x25a .\CortexM3\ARM_GCC_541\Debug\cyfitter_cfg.o
 .debug_loc     0x000009b3      0x144 .\CortexM3\ARM_GCC_541\Debug\Cm3Start.o
 .debug_loc     0x00000af7      0x3b2 .\CortexM3\ARM_GCC_541\Debug\test1.a(CyFlash.o)
 .debug_loc     0x00000ea9      0xa11 .\CortexM3\ARM_GCC_541\Debug\test1.a(CyLib.o)
 .debug_loc     0x000018ba      0x1e4 .\CortexM3\ARM_GCC_541\Debug\test1.a(cyPm.o)
 .debug_loc     0x00001a9e      0x705 .\CortexM3\ARM_GCC_541\Debug\test1.a(CySpc.o)
 .debug_loc     0x000021a3       0x42 .\CortexM3\ARM_GCC_541\Debug\test1.a(Switch_15_Control.o)
 .debug_loc     0x000021e5       0x42 .\CortexM3\ARM_GCC_541\Debug\test1.a(Switch_16_Control.o)
 .debug_loc     0x00002227       0x42 .\CortexM3\ARM_GCC_541\Debug\test1.a(Switch_17_Control.o)
 .debug_loc     0x00002269       0x42 .\CortexM3\ARM_GCC_541\Debug\test1.a(Switch_18_Control.o)
 .debug_loc     0x000022ab      0x258 .\CortexM3\ARM_GCC_541\Debug\test1.a(UART.o)
 .debug_loc     0x00002503      0x12c .\CortexM3\ARM_GCC_541\Debug\test1.a(UART_IntClock.o)
 .debug_loc     0x0000262f       0x42 .\CortexM3\ARM_GCC_541\Debug\test1.a(ZeroGasOut.o)
 .debug_loc     0x00002671      0x49f .\CortexM3\ARM_GCC_541\Debug\test1.a(EEPROM.o)
 .debug_loc     0x00002b10       0x42 .\CortexM3\ARM_GCC_541\Debug\test1.a(Switch_1_Control.o)
 .debug_loc     0x00002b52       0x42 .\CortexM3\ARM_GCC_541\Debug\test1.a(Switch_2_Control.o)
 .debug_loc     0x00002b94       0x42 .\CortexM3\ARM_GCC_541\Debug\test1.a(Switch_3_Control.o)
 .debug_loc     0x00002bd6       0x42 .\CortexM3\ARM_GCC_541\Debug\test1.a(Switch_4_Control.o)
 .debug_loc     0x00002c18       0x42 .\CortexM3\ARM_GCC_541\Debug\test1.a(Switch_5_Control.o)
 .debug_loc     0x00002c5a       0x42 .\CortexM3\ARM_GCC_541\Debug\test1.a(Switch_6_Control.o)
 .debug_loc     0x00002c9c       0x42 .\CortexM3\ARM_GCC_541\Debug\test1.a(Switch_7_Control.o)
 .debug_loc     0x00002cde       0x42 .\CortexM3\ARM_GCC_541\Debug\test1.a(Switch_8_Control.o)
 .debug_loc     0x00002d20       0x42 .\CortexM3\ARM_GCC_541\Debug\test1.a(Switch_9_Control.o)
 .debug_loc     0x00002d62       0x42 .\CortexM3\ARM_GCC_541\Debug\test1.a(Switch_10_Control.o)
 .debug_loc     0x00002da4       0x42 .\CortexM3\ARM_GCC_541\Debug\test1.a(Switch_11_Control.o)
 .debug_loc     0x00002de6       0x42 .\CortexM3\ARM_GCC_541\Debug\test1.a(Switch_12_Control.o)
 .debug_loc     0x00002e28       0x42 .\CortexM3\ARM_GCC_541\Debug\test1.a(Switch_13_Control.o)
 .debug_loc     0x00002e6a       0x42 .\CortexM3\ARM_GCC_541\Debug\test1.a(Switch_14_Control.o)

.debug_macinfo
 *(.debug_macinfo)

.debug_ranges   0x00000000      0xa18
 *(.debug_ranges)
 .debug_ranges  0x00000000       0x10 .\CortexM3\ARM_GCC_541\Debug\main.o
 .debug_ranges  0x00000010       0x20 .\CortexM3\ARM_GCC_541\Debug\sd.o
 .debug_ranges  0x00000030       0xa0 .\CortexM3\ARM_GCC_541\Debug\protocol.o
 .debug_ranges  0x000000d0       0x28 .\CortexM3\ARM_GCC_541\Debug\DataProcess.o
 .debug_ranges  0x000000f8       0x48 .\CortexM3\ARM_GCC_541\Debug\cyfitter_cfg.o
 .debug_ranges  0x00000140       0x38 .\CortexM3\ARM_GCC_541\Debug\Cm3Start.o
 .debug_ranges  0x00000178       0x78 .\CortexM3\ARM_GCC_541\Debug\test1.a(CyFlash.o)
 .debug_ranges  0x000001f0      0x290 .\CortexM3\ARM_GCC_541\Debug\test1.a(CyLib.o)
 .debug_ranges  0x00000480       0x88 .\CortexM3\ARM_GCC_541\Debug\test1.a(cyPm.o)
 .debug_ranges  0x00000508       0x70 .\CortexM3\ARM_GCC_541\Debug\test1.a(CySpc.o)
 .debug_ranges  0x00000578       0x28 .\CortexM3\ARM_GCC_541\Debug\test1.a(Switch_15_Control.o)
 .debug_ranges  0x000005a0       0x28 .\CortexM3\ARM_GCC_541\Debug\test1.a(Switch_16_Control.o)
 .debug_ranges  0x000005c8       0x28 .\CortexM3\ARM_GCC_541\Debug\test1.a(Switch_17_Control.o)
 .debug_ranges  0x000005f0       0x28 .\CortexM3\ARM_GCC_541\Debug\test1.a(Switch_18_Control.o)
 .debug_ranges  0x00000618       0xe0 .\CortexM3\ARM_GCC_541\Debug\test1.a(UART.o)
 .debug_ranges  0x000006f8       0x60 .\CortexM3\ARM_GCC_541\Debug\test1.a(UART_IntClock.o)
 .debug_ranges  0x00000758       0x28 .\CortexM3\ARM_GCC_541\Debug\test1.a(ZeroGasOut.o)
 .debug_ranges  0x00000780       0x68 .\CortexM3\ARM_GCC_541\Debug\test1.a(EEPROM.o)
 .debug_ranges  0x000007e8       0x28 .\CortexM3\ARM_GCC_541\Debug\test1.a(Switch_1_Control.o)
 .debug_ranges  0x00000810       0x28 .\CortexM3\ARM_GCC_541\Debug\test1.a(Switch_2_Control.o)
 .debug_ranges  0x00000838       0x28 .\CortexM3\ARM_GCC_541\Debug\test1.a(Switch_3_Control.o)
 .debug_ranges  0x00000860       0x28 .\CortexM3\ARM_GCC_541\Debug\test1.a(Switch_4_Control.o)
 .debug_ranges  0x00000888       0x28 .\CortexM3\ARM_GCC_541\Debug\test1.a(Switch_5_Control.o)
 .debug_ranges  0x000008b0       0x28 .\CortexM3\ARM_GCC_541\Debug\test1.a(Switch_6_Control.o)
 .debug_ranges  0x000008d8       0x28 .\CortexM3\ARM_GCC_541\Debug\test1.a(Switch_7_Control.o)
 .debug_ranges  0x00000900       0x28 .\CortexM3\ARM_GCC_541\Debug\test1.a(Switch_8_Control.o)
 .debug_ranges  0x00000928       0x28 .\CortexM3\ARM_GCC_541\Debug\test1.a(Switch_9_Control.o)
 .debug_ranges  0x00000950       0x28 .\CortexM3\ARM_GCC_541\Debug\test1.a(Switch_10_Control.o)
 .debug_ranges  0x00000978       0x28 .\CortexM3\ARM_GCC_541\Debug\test1.a(Switch_11_Control.o)
 .debug_ranges  0x000009a0       0x28 .\CortexM3\ARM_GCC_541\Debug\test1.a(Switch_12_Control.o)
 .debug_ranges  0x000009c8       0x28 .\CortexM3\ARM_GCC_541\Debug\test1.a(Switch_13_Control.o)
 .debug_ranges  0x000009f0       0x28 .\CortexM3\ARM_GCC_541\Debug\test1.a(Switch_14_Control.o)

.comment        0x00000000       0x6e
 .comment       0x00000000       0x6e .\CortexM3\ARM_GCC_541\Debug\main.o
                                 0x6f (size before relaxing)
 .comment       0x0000006e       0x6f .\CortexM3\ARM_GCC_541\Debug\sd.o
 .comment       0x0000006e       0x6f .\CortexM3\ARM_GCC_541\Debug\protocol.o
 .comment       0x0000006e       0x6f .\CortexM3\ARM_GCC_541\Debug\DataProcess.o
 .comment       0x0000006e       0x6f .\CortexM3\ARM_GCC_541\Debug\cyfitter_cfg.o
 .comment       0x0000006e       0x6f .\CortexM3\ARM_GCC_541\Debug\cymetadata.o
 .comment       0x0000006e       0x6f .\CortexM3\ARM_GCC_541\Debug\Cm3Start.o
 .comment       0x0000006e       0x6f .\CortexM3\ARM_GCC_541\Debug\test1.a(CyFlash.o)
 .comment       0x0000006e       0x6f .\CortexM3\ARM_GCC_541\Debug\test1.a(CyLib.o)
 .comment       0x0000006e       0x6f .\CortexM3\ARM_GCC_541\Debug\test1.a(cyPm.o)
 .comment       0x0000006e       0x6f .\CortexM3\ARM_GCC_541\Debug\test1.a(CySpc.o)
 .comment       0x0000006e       0x6f .\CortexM3\ARM_GCC_541\Debug\test1.a(Switch_15_Control.o)
 .comment       0x0000006e       0x6f .\CortexM3\ARM_GCC_541\Debug\test1.a(Switch_16_Control.o)
 .comment       0x0000006e       0x6f .\CortexM3\ARM_GCC_541\Debug\test1.a(Switch_17_Control.o)
 .comment       0x0000006e       0x6f .\CortexM3\ARM_GCC_541\Debug\test1.a(Switch_18_Control.o)
 .comment       0x0000006e       0x6f .\CortexM3\ARM_GCC_541\Debug\test1.a(UART.o)
 .comment       0x0000006e       0x6f .\CortexM3\ARM_GCC_541\Debug\test1.a(UART_IntClock.o)
 .comment       0x0000006e       0x6f .\CortexM3\ARM_GCC_541\Debug\test1.a(ZeroGasOut.o)
 .comment       0x0000006e       0x6f .\CortexM3\ARM_GCC_541\Debug\test1.a(EEPROM.o)
 .comment       0x0000006e       0x6f .\CortexM3\ARM_GCC_541\Debug\test1.a(Switch_1_Control.o)
 .comment       0x0000006e       0x6f .\CortexM3\ARM_GCC_541\Debug\test1.a(Switch_2_Control.o)
 .comment       0x0000006e       0x6f .\CortexM3\ARM_GCC_541\Debug\test1.a(Switch_3_Control.o)
 .comment       0x0000006e       0x6f .\CortexM3\ARM_GCC_541\Debug\test1.a(Switch_4_Control.o)
 .comment       0x0000006e       0x6f .\CortexM3\ARM_GCC_541\Debug\test1.a(Switch_5_Control.o)
 .comment       0x0000006e       0x6f .\CortexM3\ARM_GCC_541\Debug\test1.a(Switch_6_Control.o)
 .comment       0x0000006e       0x6f .\CortexM3\ARM_GCC_541\Debug\test1.a(Switch_7_Control.o)
 .comment       0x0000006e       0x6f .\CortexM3\ARM_GCC_541\Debug\test1.a(Switch_8_Control.o)
 .comment       0x0000006e       0x6f .\CortexM3\ARM_GCC_541\Debug\test1.a(Switch_9_Control.o)
 .comment       0x0000006e       0x6f .\CortexM3\ARM_GCC_541\Debug\test1.a(Switch_10_Control.o)
 .comment       0x0000006e       0x6f .\CortexM3\ARM_GCC_541\Debug\test1.a(Switch_11_Control.o)
 .comment       0x0000006e       0x6f .\CortexM3\ARM_GCC_541\Debug\test1.a(Switch_12_Control.o)
 .comment       0x0000006e       0x6f .\CortexM3\ARM_GCC_541\Debug\test1.a(Switch_13_Control.o)
 .comment       0x0000006e       0x6f .\CortexM3\ARM_GCC_541\Debug\test1.a(Switch_14_Control.o)

.debug_weaknames
 *(.debug_weaknames)

.debug_funcnames
 *(.debug_funcnames)

.debug_typenames
 *(.debug_typenames)

.debug_varnames
 *(.debug_varnames)

.note.gnu.arm.ident
 *(.note.gnu.arm.ident)

.ARM.attributes
                0x00000000       0x29
 *(.ARM.attributes)
 .ARM.attributes
                0x00000000       0x1d c:/program files (x86)/cypress/psoc creator/4.4/psoc creator/import/gnu/arm/5.4.1/bin/../lib/gcc/arm-none-eabi/5.4.1/armv7-m/crti.o
 .ARM.attributes
                0x0000001d       0x2d c:/program files (x86)/cypress/psoc creator/4.4/psoc creator/import/gnu/arm/5.4.1/bin/../lib/gcc/arm-none-eabi/5.4.1/armv7-m/crtbegin.o
 .ARM.attributes
                0x0000004a       0x1b c:/program files (x86)/cypress/psoc creator/4.4/psoc creator/import/gnu/arm/5.4.1/bin/../lib/gcc/arm-none-eabi/5.4.1/../../../../arm-none-eabi/lib/armv7-m/crt0.o
 .ARM.attributes
                0x00000065       0x33 .\CortexM3\ARM_GCC_541\Debug\main.o
 .ARM.attributes
                0x00000098       0x33 .\CortexM3\ARM_GCC_541\Debug\sd.o
 .ARM.attributes
                0x000000cb       0x33 .\CortexM3\ARM_GCC_541\Debug\protocol.o
 .ARM.attributes
                0x000000fe       0x33 .\CortexM3\ARM_GCC_541\Debug\DataProcess.o
 .ARM.attributes
                0x00000131       0x33 .\CortexM3\ARM_GCC_541\Debug\cyfitter_cfg.o
 .ARM.attributes
                0x00000164       0x33 .\CortexM3\ARM_GCC_541\Debug\cymetadata.o
 .ARM.attributes
                0x00000197       0x33 .\CortexM3\ARM_GCC_541\Debug\Cm3Start.o
 .ARM.attributes
                0x000001ca       0x33 .\CortexM3\ARM_GCC_541\Debug\test1.a(CyFlash.o)
 .ARM.attributes
                0x000001fd       0x33 .\CortexM3\ARM_GCC_541\Debug\test1.a(CyLib.o)
 .ARM.attributes
                0x00000230       0x33 .\CortexM3\ARM_GCC_541\Debug\test1.a(cyPm.o)
 .ARM.attributes
                0x00000263       0x33 .\CortexM3\ARM_GCC_541\Debug\test1.a(CySpc.o)
 .ARM.attributes
                0x00000296       0x33 .\CortexM3\ARM_GCC_541\Debug\test1.a(Switch_15_Control.o)
 .ARM.attributes
                0x000002c9       0x33 .\CortexM3\ARM_GCC_541\Debug\test1.a(Switch_16_Control.o)
 .ARM.attributes
                0x000002fc       0x33 .\CortexM3\ARM_GCC_541\Debug\test1.a(Switch_17_Control.o)
 .ARM.attributes
                0x0000032f       0x33 .\CortexM3\ARM_GCC_541\Debug\test1.a(Switch_18_Control.o)
 .ARM.attributes
                0x00000362       0x33 .\CortexM3\ARM_GCC_541\Debug\test1.a(UART.o)
 .ARM.attributes
                0x00000395       0x33 .\CortexM3\ARM_GCC_541\Debug\test1.a(UART_IntClock.o)
 .ARM.attributes
                0x000003c8       0x33 .\CortexM3\ARM_GCC_541\Debug\test1.a(ZeroGasOut.o)
 .ARM.attributes
                0x000003fb       0x33 .\CortexM3\ARM_GCC_541\Debug\test1.a(EEPROM.o)
 .ARM.attributes
                0x0000042e       0x33 .\CortexM3\ARM_GCC_541\Debug\test1.a(Switch_1_Control.o)
 .ARM.attributes
                0x00000461       0x33 .\CortexM3\ARM_GCC_541\Debug\test1.a(Switch_2_Control.o)
 .ARM.attributes
                0x00000494       0x33 .\CortexM3\ARM_GCC_541\Debug\test1.a(Switch_3_Control.o)
 .ARM.attributes
                0x000004c7       0x33 .\CortexM3\ARM_GCC_541\Debug\test1.a(Switch_4_Control.o)
 .ARM.attributes
                0x000004fa       0x33 .\CortexM3\ARM_GCC_541\Debug\test1.a(Switch_5_Control.o)
 .ARM.attributes
                0x0000052d       0x33 .\CortexM3\ARM_GCC_541\Debug\test1.a(Switch_6_Control.o)
 .ARM.attributes
                0x00000560       0x33 .\CortexM3\ARM_GCC_541\Debug\test1.a(Switch_7_Control.o)
 .ARM.attributes
                0x00000593       0x33 .\CortexM3\ARM_GCC_541\Debug\test1.a(Switch_8_Control.o)
 .ARM.attributes
                0x000005c6       0x33 .\CortexM3\ARM_GCC_541\Debug\test1.a(Switch_9_Control.o)
 .ARM.attributes
                0x000005f9       0x33 .\CortexM3\ARM_GCC_541\Debug\test1.a(Switch_10_Control.o)
 .ARM.attributes
                0x0000062c       0x33 .\CortexM3\ARM_GCC_541\Debug\test1.a(Switch_11_Control.o)
 .ARM.attributes
                0x0000065f       0x33 .\CortexM3\ARM_GCC_541\Debug\test1.a(Switch_12_Control.o)
 .ARM.attributes
                0x00000692       0x33 .\CortexM3\ARM_GCC_541\Debug\test1.a(Switch_13_Control.o)
 .ARM.attributes
                0x000006c5       0x33 .\CortexM3\ARM_GCC_541\Debug\test1.a(Switch_14_Control.o)
 .ARM.attributes
                0x000006f8       0x21 .\CortexM3\ARM_GCC_541\Debug\test1.a(CyBootAsmGnu.o)
 .ARM.attributes
                0x00000719       0x1d c:/program files (x86)/cypress/psoc creator/4.4/psoc creator/import/gnu/arm/5.4.1/bin/../lib/gcc/arm-none-eabi/5.4.1/armv7-m\libgcc.a(_arm_addsubdf3.o)
 .ARM.attributes
                0x00000736       0x1d c:/program files (x86)/cypress/psoc creator/4.4/psoc creator/import/gnu/arm/5.4.1/bin/../lib/gcc/arm-none-eabi/5.4.1/armv7-m\libgcc.a(_arm_muldivdf3.o)
 .ARM.attributes
                0x00000753       0x1d c:/program files (x86)/cypress/psoc creator/4.4/psoc creator/import/gnu/arm/5.4.1/bin/../lib/gcc/arm-none-eabi/5.4.1/armv7-m\libgcc.a(_arm_fixunsdfsi.o)
 .ARM.attributes
                0x00000770       0x2d c:/program files (x86)/cypress/psoc creator/4.4/psoc creator/import/gnu/arm/5.4.1/bin/../lib/gcc/arm-none-eabi/5.4.1/../../../../arm-none-eabi/lib/armv7-m\libg_nano.a(lib_a-errno.o)
 .ARM.attributes
                0x0000079d       0x2d c:/program files (x86)/cypress/psoc creator/4.4/psoc creator/import/gnu/arm/5.4.1/bin/../lib/gcc/arm-none-eabi/5.4.1/../../../../arm-none-eabi/lib/armv7-m\libg_nano.a(lib_a-exit.o)
 .ARM.attributes
                0x000007ca       0x2d c:/program files (x86)/cypress/psoc creator/4.4/psoc creator/import/gnu/arm/5.4.1/bin/../lib/gcc/arm-none-eabi/5.4.1/../../../../arm-none-eabi/lib/armv7-m\libg_nano.a(lib_a-impure.o)
 .ARM.attributes
                0x000007f7       0x2d c:/program files (x86)/cypress/psoc creator/4.4/psoc creator/import/gnu/arm/5.4.1/bin/../lib/gcc/arm-none-eabi/5.4.1/../../../../arm-none-eabi/lib/armv7-m\libg_nano.a(lib_a-init.o)
 .ARM.attributes
                0x00000824       0x2d c:/program files (x86)/cypress/psoc creator/4.4/psoc creator/import/gnu/arm/5.4.1/bin/../lib/gcc/arm-none-eabi/5.4.1/../../../../arm-none-eabi/lib/armv7-m\libg_nano.a(lib_a-memcpy-stub.o)
 .ARM.attributes
                0x00000851       0x2d c:/program files (x86)/cypress/psoc creator/4.4/psoc creator/import/gnu/arm/5.4.1/bin/../lib/gcc/arm-none-eabi/5.4.1/../../../../arm-none-eabi/lib/armv7-m\libg_nano.a(lib_a-memset.o)
 .ARM.attributes
                0x0000087e       0x2d c:/program files (x86)/cypress/psoc creator/4.4/psoc creator/import/gnu/arm/5.4.1/bin/../lib/gcc/arm-none-eabi/5.4.1/armv7-m/crtend.o
 .ARM.attributes
                0x000008ab       0x1d c:/program files (x86)/cypress/psoc creator/4.4/psoc creator/import/gnu/arm/5.4.1/bin/../lib/gcc/arm-none-eabi/5.4.1/armv7-m/crtn.o

/DISCARD/
 *(.note.GNU-stack)
OUTPUT(C:\Users\DELL\Desktop\test\test1.cydsn\CortexM3\ARM_GCC_541\Debug\test1.elf elf32-littlearm)
